Welcome to the MySQL monitor.  Commands end with ; or \g.
Your MySQL connection id is 7842
Server version: 5.6.27-log MySQL Community Server (GPL)

Copyright (c) 2000, 2013, Oracle and/or its affiliates. All rights reserved.

Oracle is a registered trademark of Oracle Corporation and/or its
affiliates. Other names may be trademarks of their respective
owners.

Type 'help;' or '\h' for help. Type '\c' to clear the current input statement.

mysql> use crashcourse;
Reading table information for completion of table and column names
You can turn off this feature to get a quicker startup with -A

Database changed
mysql> UPDATE customers
    -> SET cust_email = 'elmer@fudd.com'
    -> WHERE cust+0d = 1005;
ERROR 1054 (42S22): Unknown column 'cust' in 'where clause'
mysql> UPDATE customers SET cust_email = 'elmer@fudd.com' WHERE cust_id = 1005;
Query OK, 0 rows affected (0.13 sec)
Rows matched: 0  Changed: 0  Warnings: 0

mysql> UPDATE customers
    -> SET cust_name = 'The Fudds',
    -> cust_email = 'elmer@fudd.com'
    -> WHERE cust_id = 1005;
Query OK, 0 rows affected (0.08 sec)
Rows matched: 0  Changed: 0  Warnings: 0

mysql> UPDATE customers
    -> SET cust_email = NULL
    -> WHERE cust_id = 1005;
Query OK, 0 rows affected (0.08 sec)
Rows matched: 0  Changed: 0  Warnings: 0

mysql> DELETE FROM customers
    -> WHERE cust_id = 1006;
Query OK, 0 rows affected (0.07 sec)

mysql> quit;
