Welcome to the MySQL monitor.  Commands end with ; or \g.
Your MySQL connection id is 7285
Server version: 5.6.27-log MySQL Community Server (GPL)

Copyright (c) 2000, 2013, Oracle and/or its affiliates. All rights reserved.

Oracle is a registered trademark of Oracle Corporation and/or its
affiliates. Other names may be trademarks of their respective
owners.

Type 'help;' or '\h' for help. Type '\c' to clear the current input statement.

mysql> use crashcourse;
Reading table information for completion of table and column names
You can turn off this feature to get a quicker startup with -A

Database changed
mysql> Ctrl-C -- exit!
Aborted
Welcome to the MySQL monitor.  Commands end with ; or \g.
Your MySQL connection id is 7287
Server version: 5.6.27-log MySQL Community Server (GPL)

Copyright (c) 2000, 2013, Oracle and/or its affiliates. All rights reserved.

Oracle is a registered trademark of Oracle Corporation and/or its
affiliates. Other names may be trademarks of their respective
owners.

Type 'help;' or '\h' for help. Type '\c' to clear the current input statement.

mysql> SELECT prod_id, prod_name FROM products WHERE prod_name LIKE 'jet%';
ERROR 1046 (3D000): No database selected
mysql> use crashcourse;
Reading table information for completion of table and column names
You can turn off this feature to get a quicker startup with -A

Database changed
mysql> SELECT prod_id, prod_name FROM products WHERE prod_name LIKE 'jet%';
+---------+--------------+
| prod_id | prod_name    |
+---------+--------------+
| JP1000  | JetPack 1000 |
| JP2000  | JetPack 2000 |
+---------+--------------+
2 rows in set (0.07 sec)

mysql> SELECT prod_id, prod_name FR
    -> ;
ERROR 1054 (42S22): Unknown column 'prod_id' in 'field list'
mysql> SELECT prod_id, prod_name FROM products WHERE prod_name LIKEn '%anvil%';
ERROR 1064 (42000): You have an error in your SQL syntax; check the manual that corresponds to your MySQL server version for the right syntax to use near 'LIKEn '%anvil%'' at line 1
mysql> SELECT prod_id, prod_name FROM products WHERE prod_name LIKE '%anvil%';
+---------+--------------+
| prod_id | prod_name    |
+---------+--------------+
| ANV01   | .5 ton anvil |
| ANV02   | 1 ton anvil  |
| ANV03   | 2 ton anvil  |
+---------+--------------+
3 rows in set (0.07 sec)

mysql> SELECTn prod_name FROM productsn WHER
    -> ;
ERROR 1064 (42000): You have an error in your SQL syntax; check the manual that corresponds to your MySQL server version for the right syntax to use near 'SELECTn prod_name FROM productsn WHER' at line 1
mysql> SELECT prod_name FROM products WHERE prod_name LIKE 's%e';
+-----------+
| prod_name |
+-----------+
| Safe      |
+-----------+
1 row in set (0.07 sec)

mysql> SELECT prod_id, prod_name FROM products WHERE prod_name LIKE '_ ton anvil';
+---------+-------------+
| prod_id | prod_name   |
+---------+-------------+
| ANV02   | 1 ton anvil |
| ANV03   | 2 ton anvil |
+---------+-------------+
2 rows in set (0.06 sec)

mysql> SELECT prod_id, prod_name FROM products WHERE prod_name LIKE '% ton anvil';
Ctrl-C -- sending "KILL QUERY 7287" to server ...
Ctrl-C -- query aborted.
ERROR 2013 (HY000): Lost connection to MySQL server during query
mysql> Welcome to the MySQL monitor.  Commands end with ; or \g.
Your MySQL connection id is 7292
Server version: 5.6.27-log MySQL Community Server (GPL)

Copyright (c) 2000, 2013, Oracle and/or its affiliates. All rights reserved.

Oracle is a registered trademark of Oracle Corporation and/or its
affiliates. Other names may be trademarks of their respective
owners.

Type 'help;' or '\h' for help. Type '\c' to clear the current input statement.

mysql> use crashcourse;
Reading table information for completion of table and column names
You can turn off this feature to get a quicker startup with -A

Database changed
mysql> SELECT prod_id, prod_name FROM products WHERE prod_name LIKE '% ton anvil';
+---------+--------------+
| prod_id | prod_name    |
+---------+--------------+
| ANV01   | .5 ton anvil |
| ANV02   | 1 ton anvil  |
| ANV03   | 2 ton anvil  |
+---------+--------------+
3 rows in set (0.07 sec)

mysql> Ctrl-C -- exit!
Aborted
