Welcome to the MySQL monitor.  Commands end with ; or \g.
Your MySQL connection id is 7273
Server version: 5.6.27-log MySQL Community Server (GPL)

Copyright (c) 2000, 2013, Oracle and/or its affiliates. All rights reserved.

Oracle is a registered trademark of Oracle Corporation and/or its
affiliates. Other names may be trademarks of their respective
owners.

Type 'help;' or '\h' for help. Type '\c' to clear the current input statement.

mysql> use crashcourse;
Reading table information for completion of table and column names
You can turn off this feature to get a quicker startup with -A

Database changed
mysql> SELECT prod_id, prod_price, prod_name FROM products WHERE vend_id = 1003 AND prod_price <= 10;
+---------+------------+----------------+
| prod_id | prod_price | prod_name      |
+---------+------------+----------------+
| FB      |      10.00 | Bird seed      |
| FC      |       2.50 | Carrots        |
| SLING   |       4.49 | Sling          |
| TNT1    |       2.50 | TNT (1 stick)  |
| TNT2    |      10.00 | TNT (5 sticks) |
+---------+------------+----------------+
5 rows in set (0.10 sec)

mysql> Ctrl-C -- exit!
Aborted
Welcome to the MySQL monitor.  Commands end with ; or \g.
Your MySQL connection id is 7277
Server version: 5.6.27-log MySQL Community Server (GPL)

Copyright (c) 2000, 2013, Oracle and/or its affiliates. All rights reserved.

Oracle is a registered trademark of Oracle Corporation and/or its
affiliates. Other names may be trademarks of their respective
owners.

Type 'help;' or '\h' for help. Type '\c' to clear the current input statement.

mysql> use crashcourse;
Reading table information for completion of table and column names
You can turn off this feature to get a quicker startup with -A

Database changed
mysql> SELECT prod_name, prod_price FROM products WHERE vend_id = 1002 OR vend_id = 1003;
+----------------+------------+
| prod_name      | prod_price |
+----------------+------------+
| Detonator      |      13.00 |
| Bird seed      |      10.00 |
| Carrots        |       2.50 |
| Fuses          |       3.42 |
| Oil can        |       8.99 |
| Safe           |      50.00 |
| Sling          |       4.49 |
| TNT (1 stick)  |       2.50 |
| TNT (5 sticks) |      10.00 |
+----------------+------------+
9 rows in set (0.21 sec)

mysql> SELECT prod_name, prod_price FROM products WHERE vend_id = 1002 OR vend_id = 1003 AND prod_price >= 10;
+----------------+------------+
| prod_name      | prod_price |
+----------------+------------+
| Detonator      |      13.00 |
| Bird seed      |      10.00 |
| Fuses          |       3.42 |
| Oil can        |       8.99 |
| Safe           |      50.00 |
| TNT (5 sticks) |      10.00 |
+----------------+------------+
6 rows in set (0.07 sec)

mysql> SELECT prod_name, prod_price FROM products WHERE (vend_id = 1002 OR vend_id = 1003) AND prod_price >= 10;
+----------------+------------+
| prod_name      | prod_price |
+----------------+------------+
| Detonator      |      13.00 |
| Bird seed      |      10.00 |
| Safe           |      50.00 |
| TNT (5 sticks) |      10.00 |
+----------------+------------+
4 rows in set (0.24 sec)

mysql> SELECT prod_name, prod_price FROM products WHERE vend_id IN (1002,1003) ORDER BY prod_name;
Ctrl-C -- sending "KILL QUERY 7277" to server ...
Ctrl-C -- query aborted.
Ctrl-C -- sending "KILL 7277" to server ...
Ctrl-C -- query aborted.
Ctrl-C -- exit!
Aborted
Welcome to the MySQL monitor.  Commands end with ; or \g.
Your MySQL connection id is 7282
Server version: 5.6.27-log MySQL Community Server (GPL)

Copyright (c) 2000, 2013, Oracle and/or its affiliates. All rights reserved.

Oracle is a registered trademark of Oracle Corporation and/or its
affiliates. Other names may be trademarks of their respective
owners.

Type 'help;' or '\h' for help. Type '\c' to clear the current input statement.

mysql> us crashcourse;
ERROR 1064 (42000): You have an error in your SQL syntax; check the manual that corresponds to your MySQL server version for the right syntax to use near 'us crashcourse' at line 1
mysql> use crashcourse;
Reading table information for completion of table and column names
You can turn off this feature to get a quicker startup with -A

Database changed
mysql> SELECT prod_name, prod_price FROM products WHERE vend_id IN (1002,1003) ORDER BY prod_name;
+----------------+------------+
| prod_name      | prod_price |
+----------------+------------+
| Bird seed      |      10.00 |
| Carrots        |       2.50 |
| Detonator      |      13.00 |
| Fuses          |       3.42 |
| Oil can        |       8.99 |
| Safe           |      50.00 |
| Sling          |       4.49 |
| TNT (1 stick)  |       2.50 |
| TNT (5 sticks) |      10.00 |
+----------------+------------+
9 rows in set (0.08 sec)

mysql> SELECT prod_name, prod_price FROM products WHERE vend_iod = 1002 OR vend_id = 1003 ORDER BY prod_name;
ERROR 1054 (42S22): Unknown column 'vend_iod' in 'where clause'
mysql> SELECT prod_name, prod_price FROM products WHERE vend_id = 1002 OR vend_id = 1003 ORDER BY prod_name;
+----------------+------------+
| prod_name      | prod_price |
+----------------+------------+
| Bird seed      |      10.00 |
| Carrots        |       2.50 |
| Detonator      |      13.00 |
| Fuses          |       3.42 |
| Oil can        |       8.99 |
| Safe           |      50.00 |
| Sling          |       4.49 |
| TNT (1 stick)  |       2.50 |
| TNT (5 sticks) |      10.00 |
+----------------+------------+
9 rows in set (0.07 sec)

mysql> SELECT prod_name, prod_price FROM products WHERE vend_id NOT IN (1002,1003) ORDER BY prod_name;
+--------------+------------+
| prod_name    | prod_price |
+--------------+------------+
| .5 ton anvil |       5.99 |
| 1 ton anvil  |       9.99 |
| 2 ton anvil  |      14.99 |
| JetPack 1000 |      35.00 |
| JetPack 2000 |      55.00 |
+--------------+------------+
5 rows in set (0.25 sec)

mysql> Ctrl-C -- exit!
Aborted


mysql> SELECT prod_name, prod_price FROM products WHERE (vend_id = 1002 OR vend_id = 1003) AND prod_price >= 10;
+----------------+------------+
| prod_name      | prod_price |
+----------------+------------+
| Detonator      |      13.00 |
| Bird seed      |      10.00 |
| Safe           |      50.00 |
| TNT (5 sticks) |      10.00 |
+----------------+------------+
4 rows in set (0.07 sec)
