Welcome to the MySQL monitor.  Commands end with ; or \g.
Your MySQL connection id is 4549
Server version: 5.6.27-log MySQL Community Server (GPL)

Copyright (c) 2000, 2013, Oracle and/or its affiliates. All rights reserved.

Oracle is a registered trademark of Oracle Corporation and/or its
affiliates. Other names may be trademarks of their respective
owners.

Type 'help;' or '\h' for help. Type '\c' to clear the current input statement.

mysql> ;
ERROR: 
No query specified

mysql> ;
ERROR: 
No query specified

mysql> quit;
Welcome to the MySQL monitor.  Commands end with ; or \g.
Your MySQL connection id is 4556
Server version: 5.6.27-log MySQL Community Server (GPL)

Copyright (c) 2000, 2013, Oracle and/or its affiliates. All rights reserved.

Oracle is a registered trademark of Oracle Corporation and/or its
affiliates. Other names may be trademarks of their respective
owners.

Type 'help;' or '\h' for help. Type '\c' to clear the current input statement.

mysql> SELECT pro_name FROM products;
ERROR 1046 (3D000): No database selected
mysql> use crashcourse;
Reading table information for completion of table and column names
You can turn off this feature to get a quicker startup with -A

Database changed
mysql> SELECT prod_name FROM products;
+----------------+
| prod_name      |
+----------------+
| .5 ton anvil   |
| 1 ton anvil    |
| 2 ton anvil    |
| Detonator      |
| Bird seed      |
| Carrots        |
| Fuses          |
| JetPack 1000   |
| JetPack 2000   |
| Oil can        |
| Safe           |
| Sling          |
| TNT (1 stick)  |
| TNT (5 sticks) |
+----------------+
14 rows in set (0.06 sec)

mysql> SELECT prod_name
    -> FROM products
    -> ORDER BY pro_name;
ERROR 1054 (42S22): Unknown column 'pro_name' in 'order clause'
mysql> SELECT prod_name FROM products ORDER BY prod_name;
+----------------+
| prod_name      |
+----------------+
| .5 ton anvil   |
| 1 ton anvil    |
| 2 ton anvil    |
| Bird seed      |
| Carrots        |
| Detonator      |
| Fuses          |
| JetPack 1000   |
| JetPack 2000   |
| Oil can        |
| Safe           |
| Sling          |
| TNT (1 stick)  |
| TNT (5 sticks) |
+----------------+
14 rows in set (0.07 sec)

mysql> SELECt prod_id, prod_price, prod_name FROM products ORDER BY prod_price, prod_name;
+---------+------------+----------------+
| prod_id | prod_price | prod_name      |
+---------+------------+----------------+
| FC      |       2.50 | Carrots        |
| TNT1    |       2.50 | TNT (1 stick)  |
| FU1     |       3.42 | Fuses          |
| SLING   |       4.49 | Sling          |
| ANV01   |       5.99 | .5 ton anvil   |
| OL1     |       8.99 | Oil can        |
| ANV02   |       9.99 | 1 ton anvil    |
| FB      |      10.00 | Bird seed      |
| TNT2    |      10.00 | TNT (5 sticks) |
| DTNTR   |      13.00 | Detonator      |
| ANV03   |      14.99 | 2 ton anvil    |
| JP1000  |      35.00 | JetPack 1000   |
| SAFE    |      50.00 | Safe           |
| JP2000  |      55.00 | JetPack 2000   |
+---------+------------+----------------+
14 rows in set (0.07 sec)

mysql> ;
ERROR: 
No query specified

mysql> ;
ERROR: 
No query specified

mysql> 
mysql> 
mysql> 
mysql> ;
ERROR: 
No query specified

mysql> SELECT prod_id, prod_price, prod_name FROM products ORDER BY 2, 3;
Ctrl-C -- sending "KILL QUERY 4556" to server ...
Ctrl-C -- query aborted.
ERROR 2013 (HY000): Lost connection to MySQL server during query
mysql> 
mysql> 

Welcome to the MySQL monitor.  Commands end with ; or \g.
Your MySQL connection id is 3646
Server version: 5.6.27-log MySQL Community Server (GPL)

Copyright (c) 2000, 2013, Oracle and/or its affiliates. All rights reserved.

Oracle is a registered trademark of Oracle Corporation and/or its
affiliates. Other names may be trademarks of their respective
owners.

Type 'help;' or '\h' for help. Type '\c' to clear the current input statement.

mysql> USE crashcourse;
Reading table information for completion of table and column names
You can turn off this feature to get a quicker startup with -A

Database changed
mysql> SELECT prod_id, prod_name, prod_price FROM products;
+---------+----------------+------------+
| prod_id | prod_name      | prod_price |
+---------+----------------+------------+
| ANV01   | .5 ton anvil   |       5.99 |
| ANV02   | 1 ton anvil    |       9.99 |
| ANV03   | 2 ton anvil    |      14.99 |
| DTNTR   | Detonator      |      13.00 |
| FB      | Bird seed      |      10.00 |
| FC      | Carrots        |       2.50 |
| FU1     | Fuses          |       3.42 |
| JP1000  | JetPack 1000   |      35.00 |
| JP2000  | JetPack 2000   |      55.00 |
| OL1     | Oil can        |       8.99 |
| SAFE    | Safe           |      50.00 |
| SLING   | Sling          |       4.49 |
| TNT1    | TNT (1 stick)  |       2.50 |
| TNT2    | TNT (5 sticks) |      10.00 |
+---------+----------------+------------+
14 rows in set (0.06 sec)

mysql> SELECT * FROM products;
+---------+---------+----------------+------------+----------------------------------------------------------------+
| prod_id | vend_id | prod_name      | prod_price | prod_desc                                                      |
+---------+---------+----------------+------------+----------------------------------------------------------------+
| ANV01   |    1001 | .5 ton anvil   |       5.99 | .5 ton anvil, black, complete with handy hook                  |
| ANV02   |    1001 | 1 ton anvil    |       9.99 | 1 ton anvil, black, complete with handy hook and carrying case |
| ANV03   |    1001 | 2 ton anvil    |      14.99 | 2 ton anvil, black, complete with handy hook and carrying case |
| DTNTR   |    1003 | Detonator      |      13.00 | Detonator (plunger powered), fuses not included                |
| FB      |    1003 | Bird seed      |      10.00 | Large bag (suitable for road runners)                          |
| FC      |    1003 | Carrots        |       2.50 | Carrots (rabbit hunting season only)                           |
| FU1     |    1002 | Fuses          |       3.42 | 1 dozen, extra long                                            |
| JP1000  |    1005 | JetPack 1000   |      35.00 | JetPack 1000, intended for single use                          |
| JP2000  |    1005 | JetPack 2000   |      55.00 | JetPack 2000, multi-use                                        |
| OL1     |    1002 | Oil can        |       8.99 | Oil can, red                                                   |
| SAFE    |    1003 | Safe           |      50.00 | Safe with combination lock                                     |
| SLING   |    1003 | Sling          |       4.49 | Sling, one size fits all                                       |
| TNT1    |    1003 | TNT (1 stick)  |       2.50 | TNT, red, single stick                                         |
| TNT2    |    1003 | TNT (5 sticks) |      10.00 | TNT, red, pack of 10 sticks                                    |
+---------+---------+----------------+------------+----------------------------------------------------------------+
14 rows in set (0.08 sec)

mysql> SELECT vesnd_id FROM products;
ERROR 1054 (42S22): Unknown column 'vesnd_id' in 'field list'
mysql> SELECT vesnd_id FROM products;
ERROR 1054 (42S22): Unknown column 'vesnd_id' in 'field list'
mysql> SELECT vesnd_id FROM PRODUCTS;
ERROR 1146 (42S02): Table 'crashcourse.PRODUCTS' doesn't exist
mysql> show tables;
+-----------------------+
| Tables_in_crashcourse |
+-----------------------+
| customers             |
| orderitems            |
| orders                |
| productnotes          |
| products              |
| vendors               |
+-----------------------+
6 rows in set (0.06 sec)

mysql> SELECT vesnd_id FROM products;
ERROR 1054 (42S22): Unknown column 'vesnd_id' in 'field list'
mysql> select * from products;
+---------+---------+----------------+------------+----------------------------------------------------------------+
| prod_id | vend_id | prod_name      | prod_price | prod_desc                                                      |
+---------+---------+----------------+------------+----------------------------------------------------------------+
| ANV01   |    1001 | .5 ton anvil   |       5.99 | .5 ton anvil, black, complete with handy hook                  |
| ANV02   |    1001 | 1 ton anvil    |       9.99 | 1 ton anvil, black, complete with handy hook and carrying case |
| ANV03   |    1001 | 2 ton anvil    |      14.99 | 2 ton anvil, black, complete with handy hook and carrying case |
| DTNTR   |    1003 | Detonator      |      13.00 | Detonator (plunger powered), fuses not included                |
| FB      |    1003 | Bird seed      |      10.00 | Large bag (suitable for road runners)                          |
| FC      |    1003 | Carrots        |       2.50 | Carrots (rabbit hunting season only)                           |
| FU1     |    1002 | Fuses          |       3.42 | 1 dozen, extra long                                            |
| JP1000  |    1005 | JetPack 1000   |      35.00 | JetPack 1000, intended for single use                          |
| JP2000  |    1005 | JetPack 2000   |      55.00 | JetPack 2000, multi-use                                        |
| OL1     |    1002 | Oil can        |       8.99 | Oil can, red                                                   |
| SAFE    |    1003 | Safe           |      50.00 | Safe with combination lock                                     |
| SLING   |    1003 | Sling          |       4.49 | Sling, one size fits all                                       |
| TNT1    |    1003 | TNT (1 stick)  |       2.50 | TNT, red, single stick                                         |
| TNT2    |    1003 | TNT (5 sticks) |      10.00 | TNT, red, pack of 10 sticks                                    |
+---------+---------+----------------+------------+----------------------------------------------------------------+
14 rows in set (0.06 sec)

mysql> SELECT vend_id FROM products;
+---------+
| vend_id |
+---------+
|    1001 |
|    1001 |
|    1001 |
|    1002 |
|    1002 |
|    1003 |
|    1003 |
|    1003 |
|    1003 |
|    1003 |
|    1003 |
|    1003 |
|    1005 |
|    1005 |
+---------+
14 rows in set (0.07 sec)

mysql> SELECT Dvend_id FROM products;
ERROR 1054 (42S22): Unknown column 'Dvend_id' in 'field list'
mysql> SELECT DISTINCT vend_id FROM products;
+---------+
| vend_id |
+---------+
|    1001 |
|    1002 |
|    1003 |
|    1005 |
+---------+
4 rows in set (0.22 sec)

mysql> SELECT DISTINCT vend_id products;
ERROR 1054 (42S22): Unknown column 'vend_id' in 'field list'
mysql> SELECT DISTINCT vend_id, products;
ERROR 1054 (42S22): Unknown column 'vend_id' in 'field list'
mysql> SELECT prod_name FROM products LIMIT 5;
+--------------+
| prod_name    |
+--------------+
| .5 ton anvil |
| 1 ton anvil  |
| 2 ton anvil  |
| Detonator    |
| Bird seed    |
+--------------+
5 rows in set (0.06 sec)

mysql> SELECT prod_name FROM products LIMIT 5,5;
+--------------+
| prod_name    |
+--------------+
| Carrots      |
| Fuses        |
| JetPack 1000 |
| JetPack 2000 |
| Oil can      |
+--------------+
5 rows in set (0.06 sec)

mysql> quit;
Welcome to the MySQL monitor.  Commands end with ; or \g.
Your MySQL connection id is 3679
Server version: 5.6.27-log MySQL Community Server (GPL)

Copyright (c) 2000, 2013, Oracle and/or its affiliates. All rights reserved.

Oracle is a registered trademark of Oracle Corporation and/or its
affiliates. Other names may be trademarks of their respective
owners.

Type 'help;' or '\h' for help. Type '\c' to clear the current input statement.

mysql> quit;
Welcome to the MySQL monitor.  Commands end with ; or \g.
Your MySQL connection id is 4527
Server version: 5.6.27-log MySQL Community Server (GPL)

Copyright (c) 2000, 2013, Oracle and/or its affiliates. All rights reserved.

Oracle is a registered trademark of Oracle Corporation and/or its
affiliates. Other names may be trademarks of their respective
owners.

Type 'help;' or '\h' for help. Type '\c' to clear the current input statement.

mysql> USE crashcourse;
Ctrl-C -- exit!
Aborted
Welcome to the MySQL monitor.  Commands end with ; or \g.
Your MySQL connection id is 4532
Server version: 5.6.27-log MySQL Community Server (GPL)

Copyright (c) 2000, 2013, Oracle and/or its affiliates. All rights reserved.

Oracle is a registered trademark of Oracle Corporation and/or its
affiliates. Other names may be trademarks of their respective
owners.

Type 'help;' or '\h' for help. Type '\c' to clear the current input statement.

mysql> USE crashcourse;
Reading table information for completion of table and column names
You can turn off this feature to get a quicker startup with -A

Database changed
mysql> SELECT prod_name FROM products LIMIT 5;
+--------------+
| prod_name    |
+--------------+
| .5 ton anvil |
| 1 ton anvil  |
| 2 ton anvil  |
| Detonator    |
| Bird seed    |
+--------------+
5 rows in set (0.07 sec)

mysql> SELECT prod_name FROM products LIMIT 5,5;
Ctrl-C -- sending "KILL QUERY 4532" to server ...
Ctrl-C -- query aborted.
Ctrl-C -- sending "KILL 4532" to server ...
Ctrl-C -- query aborted.
Ctrl-C -- exit!
Aborted
ERROR 1045 (28000): Access denied for user 'alex'@'162-193-95-74.lightspeed.mssnks.sbcglobal.net' (using password: NO)
ERROR 1045 (28000): Access denied for user 'alex'@'162-193-95-74.lightspeed.mssnks.sbcglobal.net' (using password: NO)
Welcome to the MySQL monitor.  Commands end with ; or \g.
Your MySQL connection id is 4541
Server version: 5.6.27-log MySQL Community Server (GPL)

Copyright (c) 2000, 2013, Oracle and/or its affiliates. All rights reserved.

Oracle is a registered trademark of Oracle Corporation and/or its
affiliates. Other names may be trademarks of their respective
owners.

Type 'help;' or '\h' for help. Type '\c' to clear the current input statement.

mysql> Use crashcourse;
Reading table information for completion of table and column names
You can turn off this feature to get a quicker startup with -A

Database changed
mysql> SELECT prod_name FROM products LIMIT 5,5;
+--------------+
| prod_name    |
+--------------+
| Carrots      |
| Fuses        |
| JetPack 1000 |
| JetPack 2000 |
| Oil can      |
+--------------+
5 rows in set (0.09 sec)

mysql> SELECT prod_name FROM produts LIMIT 5;
ERROR 1146 (42S02): Table 'crashcourse.produts' doesn't exist
mysql> SELECT prod_name FROM produts LIMIT 5;
ERROR 1146 (42S02): Table 'crashcourse.produts' doesn't exist
mysql> show databases;
+--------------------+
| Database           |
+--------------------+
| information_schema |
| crashcourse        |
| innodb             |
| istm6202           |
| mysql              |
| performance_schema |
| sys                |
+--------------------+
7 rows in set (0.06 sec)

mysql> use crashcourse;
Database changed
mysql> show tables;
+-----------------------+
| Tables_in_crashcourse |
+-----------------------+
| customers             |
| orderitems            |
| orders                |
| productnotes          |
| products              |
| vendors               |
+-----------------------+
6 rows in set (0.06 sec)

mysql> SELECT pro_name FROM products limit 5,5;
ERROR 1054 (42S22): Unknown column 'pro_name' in 'field list'
mysql> SELECT prod_name FROM products limit 5,5;
+--------------+
| prod_name    |
+--------------+
| Carrots      |
| Fuses        |
| JetPack 1000 |
| JetPack 2000 |
| Oil can      |
+--------------+
5 rows in set (0.07 sec)

mysql> SELECT prod_name FROM products limit 5;
+--------------+
| prod_name    |
+--------------+
| .5 ton anvil |
| 1 ton anvil  |
| 2 ton anvil  |
| Detonator    |
| Bird seed    |
+--------------+
5 rows in set (0.06 sec)

mysql> SELECT prod_name FROM products LIMIT 5,5;
+--------------+
| prod_name    |
+--------------+
| Carrots      |
| Fuses        |
| JetPack 1000 |
| JetPack 2000 |
| Oil can      |
+--------------+
5 rows in set (0.08 sec)

mysql> SELECT prod_name FROM products LIMIT 10,2;
+-----------+
| prod_name |
+-----------+
| Safe      |
| Sling     |
+-----------+
2 rows in set (0.06 sec)

mysql> SELECT prod_name FROM products LIMIT 2 OFFSET 10;
+-----------+
| prod_name |
+-----------+
| Safe      |
| Sling     |
+-----------+
2 rows in set (0.06 sec)

mysql> SELECT products.prod_name FROM products;
+----------------+
| prod_name      |
+----------------+
| .5 ton anvil   |
| 1 ton anvil    |
| 2 ton anvil    |
| Detonator      |
| Bird seed      |
| Carrots        |
| Fuses          |
| JetPack 1000   |
| JetPack 2000   |
| Oil can        |
| Safe           |
| Sling          |
| TNT (1 stick)  |
| TNT (5 sticks) |
+----------------+
14 rows in set (0.09 sec)

mysql> SELECT products.prod_name FROM crashcourse.products;
+----------------+
| prod_name      |
+----------------+
| .5 ton anvil   |
| 1 ton anvil    |
| 2 ton anvil    |
| Detonator      |
| Bird seed      |
| Carrots        |
| Fuses          |
| JetPack 1000   |
| JetPack 2000   |
| Oil can        |
| Safe           |
| Sling          |
| TNT (1 stick)  |
| TNT (5 sticks) |
+----------------+
14 rows in set (0.06 sec)

mysql> SEE
    -> ;
ERROR 1064 (42000): You have an error in your SQL syntax; check the manual that corresponds to your MySQL server version for the right syntax to use near 'SEE' at line 1
mysql> SELECT prod_name --this is a comment FROM products;
ERROR 1064 (42000): You have an error in your SQL syntax; check the manual that corresponds to your MySQL server version for the right syntax to use near 'a comment FROM products' at line 1
mysql> SELECT prod_name --this is a comment FROM products;
ERROR 1064 (42000): You have an error in your SQL syntax; check the manual that corresponds to your MySQL server version for the right syntax to use near 'a comment FROM products' at line 1
mysql> SELECT prod_name -- this is a comment FROM products;
    -> ;
ERROR 1054 (42S22): Unknown column 'prod_name' in 'field list'
mysql> SELECT prod_name -- this is a comment FROM products;
    -> 
    -> ;
ERROR 1054 (42S22): Unknown column 'prod_name' in 'field list'
mysql> SELECT prod_name
    -> -- this is a comment
    -> FROM products;
+----------------+
| prod_name      |
+----------------+
| .5 ton anvil   |
| 1 ton anvil    |
| 2 ton anvil    |
| Detonator      |
| Bird seed      |
| Carrots        |
| Fuses          |
| JetPack 1000   |
| JetPack 2000   |
| Oil can        |
| Safe           |
| Sling          |
| TNT (1 stick)  |
| TNT (5 sticks) |
+----------------+
14 rows in set (0.07 sec)

mysql> # This is a comment 
mysql> SELECT prod_name
    -> FROM products;
+----------------+
| prod_name      |
+----------------+
| .5 ton anvil   |
| 1 ton anvil    |
| 2 ton anvil    |
| Detonator      |
| Bird seed      |
| Carrots        |
| Fuses          |
| JetPack 1000   |
| JetPack 2000   |
| Oil can        |
| Safe           |
| Sling          |
| TNT (1 stick)  |
| TNT (5 sticks) |
+----------------+
14 rows in set (0.07 sec)

mysql> /* SELECT prod_name, vend_id FROM products; */
mysql> SELECT prod_name FROM products;
+----------------+
| prod_name      |
+----------------+
| .5 ton anvil   |
| 1 ton anvil    |
| 2 ton anvil    |
| Detonator      |
| Bird seed      |
| Carrots        |
| Fuses          |
| JetPack 1000   |
| JetPack 2000   |
| Oil can        |
| Safe           |
| Sling          |
| TNT (1 stick)  |
| TNT (5 sticks) |
+----------------+
14 rows in set (0.06 sec)

mysql> /* SELECT prod_name, vend_id FROM products; */
mysql> /* SELECT prod_name, vend_id
   /*> 
   /*> SELECT prod_name FROM products;
   /*> ;
   /*> ;
   /*> Ctrl-C -- exit!
Aborted
Welcome to the MySQL monitor.  Commands end with ; or \g.
Your MySQL connection id is 4546
Server version: 5.6.27-log MySQL Community Server (GPL)

Copyright (c) 2000, 2013, Oracle and/or its affiliates. All rights reserved.

Oracle is a registered trademark of Oracle Corporation and/or its
affiliates. Other names may be trademarks of their respective
owners.

Type 'help;' or '\h' for help. Type '\c' to clear the current input statement.

mysql> use crashcourse;
Reading table information for completion of table and column names
You can turn off this feature to get a quicker startup with -A

Database changed
mysql> /* SELECT prod_name, vend_id
   /*> FROM products; */
mysql> SELECT prod_name
    -> FROM products;
+----------------+
| prod_name      |
+----------------+
| .5 ton anvil   |
| 1 ton anvil    |
| 2 ton anvil    |
| Detonator      |
| Bird seed      |
| Carrots        |
| Fuses          |
| JetPack 1000   |
| JetPack 2000   |
| Oil can        |
| Safe           |
| Sling          |
| TNT (1 stick)  |
| TNT (5 sticks) |
+----------------+
14 rows in set (0.07 sec)

mysql> Ctrl-C -- exit!
Aborted
ERROR 1045 (28000): Access denied for user 'alex'@'162-193-95-74.lightspeed.mssnks.sbcglobal.net' (using password: YES)
ERROR 1045 (28000): Access denied for user 'alex'@'162-193-95-74.lightspeed.mssnks.sbcglobal.net' (using password: YES)
ERROR 1045 (28000): Access denied for user 'alex'@'162-193-95-74.lightspeed.mssnks.sbcglobal.net' (using password: YES)
Welcome to the MySQL monitor.  Commands end with ; or \g.
Your MySQL connection id is 4580
Server version: 5.6.27-log MySQL Community Server (GPL)

Copyright (c) 2000, 2013, Oracle and/or its affiliates. All rights reserved.

Oracle is a registered trademark of Oracle Corporation and/or its
affiliates. Other names may be trademarks of their respective
owners.

Type 'help;' or '\h' for help. Type '\c' to clear the current input statement.

mysql> SELECT prod_id, prod_price, prod_name FROM products ORDER BY 2, 3;
ERROR 1046 (3D000): No database selected
mysql> use crashcourse;
Reading table information for completion of table and column names
You can turn off this feature to get a quicker startup with -A

Database changed
mysql> SELECT prod_id, prod_price, prod_name FROM products ORDER BY 2, 3;
+---------+------------+----------------+
| prod_id | prod_price | prod_name      |
+---------+------------+----------------+
| FC      |       2.50 | Carrots        |
| TNT1    |       2.50 | TNT (1 stick)  |
| FU1     |       3.42 | Fuses          |
| SLING   |       4.49 | Sling          |
| ANV01   |       5.99 | .5 ton anvil   |
| OL1     |       8.99 | Oil can        |
| ANV02   |       9.99 | 1 ton anvil    |
| FB      |      10.00 | Bird seed      |
| TNT2    |      10.00 | TNT (5 sticks) |
| DTNTR   |      13.00 | Detonator      |
| ANV03   |      14.99 | 2 ton anvil    |
| JP1000  |      35.00 | JetPack 1000   |
| SAFE    |      50.00 | Safe           |
| JP2000  |      55.00 | JetPack 2000   |
+---------+------------+----------------+
14 rows in set (0.07 sec)

mysql> SELECT prod_id, prod_price, prod_name FROM products ORDER BY prod_price DESC;
ERROR 2006 (HY000): MySQL server has gone away
No connection. Trying to reconnect...
Connection id:    4583
Current database: crashcourse

+---------+------------+----------------+
| prod_id | prod_price | prod_name      |
+---------+------------+----------------+
| JP2000  |      55.00 | JetPack 2000   |
| SAFE    |      50.00 | Safe           |
| JP1000  |      35.00 | JetPack 1000   |
| ANV03   |      14.99 | 2 ton anvil    |
| DTNTR   |      13.00 | Detonator      |
| TNT2    |      10.00 | TNT (5 sticks) |
| FB      |      10.00 | Bird seed      |
| ANV02   |       9.99 | 1 ton anvil    |
| OL1     |       8.99 | Oil can        |
| ANV01   |       5.99 | .5 ton anvil   |
| SLING   |       4.49 | Sling          |
| FU1     |       3.42 | Fuses          |
| FC      |       2.50 | Carrots        |
| TNT1    |       2.50 | TNT (1 stick)  |
+---------+------------+----------------+
14 rows in set (1.73 sec)

mysql> SELECT prod_id, prod_price, prod_name FROM products ORDER BY prod_price DESC, prod_name;
+---------+------------+----------------+
| prod_id | prod_price | prod_name      |
+---------+------------+----------------+
| JP2000  |      55.00 | JetPack 2000   |
| SAFE    |      50.00 | Safe           |
| JP1000  |      35.00 | JetPack 1000   |
| ANV03   |      14.99 | 2 ton anvil    |
| DTNTR   |      13.00 | Detonator      |
| FB      |      10.00 | Bird seed      |
| TNT2    |      10.00 | TNT (5 sticks) |
| ANV02   |       9.99 | 1 ton anvil    |
| OL1     |       8.99 | Oil can        |
| ANV01   |       5.99 | .5 ton anvil   |
| SLING   |       4.49 | Sling          |
| FU1     |       3.42 | Fuses          |
| FC      |       2.50 | Carrots        |
| TNT1    |       2.50 | TNT (1 stick)  |
+---------+------------+----------------+
14 rows in set (0.06 sec)

mysql> SELECT prod_price FROM products ORDER BY prod_price DESC LIMIT 1;
+------------+
| prod_price |
+------------+
|      55.00 |
+------------+
1 row in set (0.06 sec)

