Welcome to the MySQL monitor.  Commands end with ; or \g.
Your MySQL connection id is 7294
Server version: 5.6.27-log MySQL Community Server (GPL)

Copyright (c) 2000, 2013, Oracle and/or its affiliates. All rights reserved.

Oracle is a registered trademark of Oracle Corporation and/or its
affiliates. Other names may be trademarks of their respective
owners.

Type 'help;' or '\h' for help. Type '\c' to clear the current input statement.

mysql> use crashcourse;
Reading table information for completion of table and column names
You can turn off this feature to get a quicker startup with -A

Database changed
mysql> SELECT prod_name FROM products WHERE prod_name REGEXP '1000' ORDER BY prod_name;
+--------------+
| prod_name    |
+--------------+
| JetPack 1000 |
+--------------+
1 row in set (0.25 sec)

mysql> SELECT prod_name FROM products WHERE prod_name REGEXP '.000' ORDER BY prod_name;
+--------------+
| prod_name    |
+--------------+
| JetPack 1000 |
| JetPack 2000 |
+--------------+
2 rows in set (0.07 sec)

mysql> SELECT prod_name FROM products WHERE prod_name REGEXP '.000' ORDER BY prod_name;
+--------------+
| prod_name    |
+--------------+
| JetPack 1000 |
| JetPack 2000 |
+--------------+
2 rows in set (0.06 sec)

mysql> SELECT prod_name FROM products WHERE prod_name LIKE '1000' ORDER BY prod_name;
Empty set (0.06 sec)

mysql> SELECT prod_name FROM products WHERE prod_name REGEXP '1000' ORDER BY prod_name;
+--------------+
| prod_name    |
+--------------+
| JetPack 1000 |
+--------------+
1 row in set (0.07 sec)

mysql> SELECT prod_name FROM products WHERE prod_name REGEXP BINARY '1000' ORDER BY prod_name;
+--------------+
| prod_name    |
+--------------+
| JetPack 1000 |
+--------------+
1 row in set (0.07 sec)

mysql> SELECT prod_name FROM products WHERE prod_name REGEXP '1000|2000' ORDER BY prod_name;
+--------------+
| prod_name    |
+--------------+
| JetPack 1000 |
| JetPack 2000 |
+--------------+
2 rows in set (0.07 sec)

mysql> SELECT prod_name FROM products WHERE prod_name REGEXP '1000|2000|3000' ORDER BY prod_name;
+--------------+
| prod_name    |
+--------------+
| JetPack 1000 |
| JetPack 2000 |
+--------------+
2 rows in set (0.07 sec)

mysql> SELECT prod_name FROM products WHERE prod_name REGEXP '[123]TON' ORDER BY prod_name;
Empty set (0.07 sec)

mysql> SELECT prod_name FROM products WHERE prod_name REGEXP '[123]Ton' ORDER BY prod_name;
Empty set (0.06 sec)

mysql> SELECT prod_name FROM products WHERE prod_name REGEXP '[123] Ton' ORDER BY prod_name;
+-------------+
| prod_name   |
+-------------+
| 1 ton anvil |
| 2 ton anvil |
+-------------+
2 rows in set (0.06 sec)

mysql> SELECT prod_name FROM products WHERE prod_name REGEXP '1|2|3 Ton' ORDER BY prod_name;
+---------------+
| prod_name     |
+---------------+
| 1 ton anvil   |
| 2 ton anvil   |
| JetPack 1000  |
| JetPack 2000  |
| TNT (1 stick) |
+---------------+
5 rows in set (0.07 sec)

mysql> SELECT prod_name, prod_price FROM products WHERE (vend_id = 1002 OR vend_id = 1003) AND prod_price >= 10;
+----------------+------------+
| prod_name      | prod_price |
+----------------+------------+
| Detonator      |      13.00 |
| Bird seed      |      10.00 |
| Safe           |      50.00 |
| TNT (5 sticks) |      10.00 |
+----------------+------------+
4 rows in set (0.07 sec)

mysql> SELECT prod_name FROM products WHERE prod_name REGEXP '1|2|3 Ton' ORDER BY prod_name;
+---------------+
| prod_name     |
+---------------+
| 1 ton anvil   |
| 2 ton anvil   |
| JetPack 1000  |
| JetPack 2000  |
| TNT (1 stick) |
+---------------+
5 rows in set (0.07 sec)

mysql> SELECT prod_name FROM products WHERE prod_name REGEXP '1|2|3 Ton' ORDER BY prod_name;
+---------------+
| prod_name     |
+---------------+
| 1 ton anvil   |
| 2 ton anvil   |
| JetPack 1000  |
| JetPack 2000  |
| TNT (1 stick) |
+---------------+
5 rows in set (0.07 sec)

mysql> SELECT prod_name FROM products WHERE prod_name REGEXP '1|2|3 Ton' ORDER BY prod_name;
+---------------+
| prod_name     |
+---------------+
| 1 ton anvil   |
| 2 ton anvil   |
| JetPack 1000  |
| JetPack 2000  |
| TNT (1 stick) |
+---------------+
5 rows in set (0.07 sec)

mysql> SELECT prod_name FROM products WHERE prod_name REGEXP '[123] Ton' ORDER BY prod_name;
+-------------+
| prod_name   |
+-------------+
| 1 ton anvil |
| 2 ton anvil |
+-------------+
2 rows in set (0.06 sec)

mysql> SELECT prod_name FROM products WHERE prod_name REGEXP '[1-5] Ton' ORDER BY prod_name;
+--------------+
| prod_name    |
+--------------+
| .5 ton anvil |
| 1 ton anvil  |
| 2 ton anvil  |
+--------------+
3 rows in set (0.06 sec)

mysql> SELECT FROM vendors WHERE vend_name REGEXP '.' ORDER BY vend_name;
ERROR 1064 (42000): You have an error in your SQL syntax; check the manual that corresponds to your MySQL server version for the right syntax to use near 'FROM vendors WHERE vend_name REGEXP '.' ORDER BY vend_name' at line 1
mysql> SELECT vend_name FROM vendors WHERE vend_name REGEXP '.' ORDER BY vend_name;
+----------------+
| vend_name      |
+----------------+
| ACME           |
| Anvils R Us    |
| Furball Inc.   |
| Jet Set        |
| Jouets Et Ours |
| LT Supplies    |
+----------------+
6 rows in set (0.06 sec)

mysql> SELECT vend_name FROM vendors WHERE vend_name REGEXP '.' ORDER BY vend_name;
+----------------+
| vend_name      |
+----------------+
| ACME           |
| Anvils R Us    |
| Furball Inc.   |
| Jet Set        |
| Jouets Et Ours |
| LT Supplies    |
+----------------+
6 rows in set (0.07 sec)

mysql> SELECT vend_name FROM vendors WHERE vend_name REGEXP '.' ORDER BY vend_name;
+----------------+
| vend_name      |
+----------------+
| ACME           |
| Anvils R Us    |
| Furball Inc.   |
| Jet Set        |
| Jouets Et Ours |
| LT Supplies    |
+----------------+
6 rows in set (0.07 sec)

mysql> SELECT vend_name FROM vendors WHERE vend_name REGEXP '\\.' ORDER BY vend_name;
+--------------+
| vend_name    |
+--------------+
| Furball Inc. |
+--------------+
1 row in set (0.06 sec)

mysql> SELECT prod_name FROM products WHERE prod_name REGEXP '\\([0-9]sticks?\\)' ORDER BY prod_name;
Empty set (0.06 sec)

mysql> SELECT prod_name FROM products WHERE prod_name REGEXP '\\([0-9]sticks?\\)' ORDER BY prod_name;
Empty set (0.08 sec)

mysql> SELECT prod_name FROM products WHERE prod_name REGEXP '\\([0-9] sticks?\\)' ORDER BY prod_name;
+----------------+
| prod_name      |
+----------------+
| TNT (1 stick)  |
| TNT (5 sticks) |
+----------------+
2 rows in set (0.08 sec)

mysql> SELECT prod
    -> ;
ERROR 1054 (42S22): Unknown column 'prod' in 'field list'
mysql> SELECT prod_name FROM products WHERE prod_name REGEXP '[[:digit:]]{4}' ORDER BY prod_name;
+--------------+
| prod_name    |
+--------------+
| JetPack 1000 |
| JetPack 2000 |
+--------------+
2 rows in set (0.06 sec)

mysql> SELECT prod_name FROM products WHERE prod_name REGEXP '[0-9][0-9][0-9][0-9]' ORDER BY prod_name;
+--------------+
| prod_name    |
+--------------+
| JetPack 1000 |
| JetPack 2000 |
+--------------+
2 rows in set (0.07 sec)

mysql> SELECT prod_name FROM products WHERE prod_name REGEXP '[0-9]{4}' ORDER BY prod_name;
+--------------+
| prod_name    |
+--------------+
| JetPack 1000 |
| JetPack 2000 |
+--------------+
2 rows in set (0.07 sec)

mysql> SELECT prod_name FROM products WHERE prod_name REGEXP '^[0-9\\.]' ORDER BY prod_name;
+--------------+
| prod_name    |
+--------------+
| .5 ton anvil |
| 1 ton anvil  |
| 2 ton anvil  |
+--------------+
3 rows in set (0.27 sec)

mysql> SELECT prod_name FROM products WHERE prod_name REGEXP '[0-9\\.]' ORDER BY prod_name;
+----------------+
| prod_name      |
+----------------+
| .5 ton anvil   |
| 1 ton anvil    |
| 2 ton anvil    |
| JetPack 1000   |
| JetPack 2000   |
| TNT (1 stick)  |
| TNT (5 sticks) |
+----------------+
7 rows in set (0.07 sec)

mysql> SELECT 'hello' REGEXP '[0-9]';
+------------------------+
| 'hello' REGEXP '[0-9]' |
+------------------------+
|                      0 |
+------------------------+
1 row in set (0.06 sec)

mysql> 