Welcome to the MySQL monitor.  Commands end with ; or \g.
Your MySQL connection id is 7347
Server version: 5.6.27-log MySQL Community Server (GPL)

Copyright (c) 2000, 2013, Oracle and/or its affiliates. All rights reserved.

Oracle is a registered trademark of Oracle Corporation and/or its
affiliates. Other names may be trademarks of their respective
owners.

Type 'help;' or '\h' for help. Type '\c' to clear the current input statement.

mysql> Terminal close -- exit!
Aborted
Welcome to the MySQL monitor.  Commands end with ; or \g.
Your MySQL connection id is 7616
Server version: 5.6.27-log MySQL Community Server (GPL)

Copyright (c) 2000, 2013, Oracle and/or its affiliates. All rights reserved.

Oracle is a registered trademark of Oracle Corporation and/or its
affiliates. Other names may be trademarks of their respective
owners.

Type 'help;' or '\h' for help. Type '\c' to clear the current input statement.

mysql> use crashcourse;
Reading table information for completion of table and column names
You can turn off this feature to get a quicker startup with -A

Database changed
mysql> SELECT order_num FROM orderitems WHERE prod_id = 'TNT2';
+-----------+
| order_num |
+-----------+
|     20005 |
|     20007 |
+-----------+
2 rows in set (0.36 sec)

mysql> 
mysql> SELECT cust_id
    -> FROM orders
    -> WHERE order_num IN (20005,20007);
Ctrl-C -- sending "KILL QUERY 7616" to server ...
Ctrl-C -- query aborted.
Ctrl-C -- sending "KILL 7616" to server ...
Ctrl-C -- query aborted.
Ctrl-C -- exit!
Aborted
ERROR 1045 (28000): Access denied for user 'alex'@'162-193-95-74.lightspeed.mssnks.sbcglobal.net' (using password: YES)
Welcome to the MySQL monitor.  Commands end with ; or \g.
Your MySQL connection id is 7622
Server version: 5.6.27-log MySQL Community Server (GPL)

Copyright (c) 2000, 2013, Oracle and/or its affiliates. All rights reserved.

Oracle is a registered trademark of Oracle Corporation and/or its
affiliates. Other names may be trademarks of their respective
owners.

Type 'help;' or '\h' for help. Type '\c' to clear the current input statement.

mysql> use crashcourse;
Reading table information for completion of table and column names
You can turn off this feature to get a quicker startup with -A

Database changed
mysql> SELECT cust_id
    -> FROM orders
    -> WHERE order_num IN (20005,20007);
+---------+
| cust_id |
+---------+
|   10001 |
|   10004 |
+---------+
2 rows in set (0.08 sec)

mysql> SELECT cust_id
    -> FROM orders
    -> WHERE order_num IN (SELECT order_num
    -> FROM orderitems
    -> WHERE prod_id = 'TNT2');
+---------+
| cust_id |
+---------+
|   10001 |
|   10004 |
+---------+
2 rows in set (0.20 sec)

mysql> SELECT order_num FROM orderitems WHERE prod_id='TNT2';
+-----------+
| order_num |
+-----------+
|     20005 |
|     20007 |
+-----------+
2 rows in set (0.19 sec)

mysql> SELECT cust_name, cust_contact FROM customers WHERE cust_id IN (SELECT cust_id
    -> FROM orders
    -> WHERE order_num IN (SELECT order_num
    -> FROM orderitems
    -> WHERE prod_id = 'TNT2'));
+----------------+--------------+
| cust_name      | cust_contact |
+----------------+--------------+
| Coyote Inc.    | Y Lee        |
| Yosemite Place | Y Sam        |
+----------------+--------------+
2 rows in set (0.06 sec)

mysql> SELECT COUNT(*) AS orders
    -> FROM orders
    -> WHERE cust_id = 10001;
+--------+
| orders |
+--------+
|      2 |
+--------+
1 row in set (0.06 sec)

mysql> SELECT cust_name, 
    -> cust_state,
    -> (SELECT COUNT(*)
    -> FROM orders
    -> WHERE orders.cust_id = customers.cust_id) AS orders
    -> FROM customers
    -> ORDER BY cust_name;
+----------------+------------+--------+
| cust_name      | cust_state | orders |
+----------------+------------+--------+
| Coyote Inc.    | MI         |      2 |
| E Fudd         | IL         |      1 |
| Mouse House    | OH         |      0 |
| Wascals        | IN         |      1 |
| Yosemite Place | AZ         |      1 |
+----------------+------------+--------+
5 rows in set (0.08 sec)

mysql> SELECT cust_name,
    -> cust_state,
    -> (SELECT COUNT(*)
    -> FROM orders
    -> WHERE cust_id = cust_id) AS orders
    -> FROM customers
    -> ORDER BY cust_name;
+----------------+------------+--------+
| cust_name      | cust_state | orders |
+----------------+------------+--------+
| Coyote Inc.    | MI         |      5 |
| E Fudd         | IL         |      5 |
| Mouse House    | OH         |      5 |
| Wascals        | IN         |      5 |
| Yosemite Place | AZ         |      5 |
+----------------+------------+--------+
5 rows in set (0.07 sec)

mysql> SELECT vend_name, prod_name, prod_price
    -> FROM vendors, products
    -> WHERE vendors.vend_id = products.vend_id
    -> ORDER BY vend_name, prod_name;
+-------------+----------------+------------+
| vend_name   | prod_name      | prod_price |
+-------------+----------------+------------+
| ACME        | Bird seed      |      10.00 |
| ACME        | Carrots        |       2.50 |
| ACME        | Detonator      |      13.00 |
| ACME        | Safe           |      50.00 |
| ACME        | Sling          |       4.49 |
| ACME        | TNT (1 stick)  |       2.50 |
| ACME        | TNT (5 sticks) |      10.00 |
| Anvils R Us | .5 ton anvil   |       5.99 |
| Anvils R Us | 1 ton anvil    |       9.99 |
| Anvils R Us | 2 ton anvil    |      14.99 |
| Jet Set     | JetPack 1000   |      35.00 |
| Jet Set     | JetPack 2000   |      55.00 |
| LT Supplies | Fuses          |       3.42 |
| LT Supplies | Oil can        |       8.99 |
+-------------+----------------+------------+
14 rows in set (0.07 sec)

mysql> SELECT vend_name, prod_name, prod_price
    -> FROM vendors, products
    -> ORDER BY vend_name, prod_name;
+----------------+----------------+------------+
| vend_name      | prod_name      | prod_price |
+----------------+----------------+------------+
| ACME           | .5 ton anvil   |       5.99 |
| ACME           | 1 ton anvil    |       9.99 |
| ACME           | 2 ton anvil    |      14.99 |
| ACME           | Bird seed      |      10.00 |
| ACME           | Carrots        |       2.50 |
| ACME           | Detonator      |      13.00 |
| ACME           | Fuses          |       3.42 |
| ACME           | JetPack 1000   |      35.00 |
| ACME           | JetPack 2000   |      55.00 |
| ACME           | Oil can        |       8.99 |
| ACME           | Safe           |      50.00 |
| ACME           | Sling          |       4.49 |
| ACME           | TNT (1 stick)  |       2.50 |
| ACME           | TNT (5 sticks) |      10.00 |
| Anvils R Us    | .5 ton anvil   |       5.99 |
| Anvils R Us    | 1 ton anvil    |       9.99 |
| Anvils R Us    | 2 ton anvil    |      14.99 |
| Anvils R Us    | Bird seed      |      10.00 |
| Anvils R Us    | Carrots        |       2.50 |
| Anvils R Us    | Detonator      |      13.00 |
| Anvils R Us    | Fuses          |       3.42 |
| Anvils R Us    | JetPack 1000   |      35.00 |
| Anvils R Us    | JetPack 2000   |      55.00 |
| Anvils R Us    | Oil can        |       8.99 |
| Anvils R Us    | Safe           |      50.00 |
| Anvils R Us    | Sling          |       4.49 |
| Anvils R Us    | TNT (1 stick)  |       2.50 |
| Anvils R Us    | TNT (5 sticks) |      10.00 |
| Furball Inc.   | .5 ton anvil   |       5.99 |
| Furball Inc.   | 1 ton anvil    |       9.99 |
| Furball Inc.   | 2 ton anvil    |      14.99 |
| Furball Inc.   | Bird seed      |      10.00 |
| Furball Inc.   | Carrots        |       2.50 |
| Furball Inc.   | Detonator      |      13.00 |
| Furball Inc.   | Fuses          |       3.42 |
| Furball Inc.   | JetPack 1000   |      35.00 |
| Furball Inc.   | JetPack 2000   |      55.00 |
| Furball Inc.   | Oil can        |       8.99 |
| Furball Inc.   | Safe           |      50.00 |
| Furball Inc.   | Sling          |       4.49 |
| Furball Inc.   | TNT (1 stick)  |       2.50 |
| Furball Inc.   | TNT (5 sticks) |      10.00 |
| Jet Set        | .5 ton anvil   |       5.99 |
| Jet Set        | 1 ton anvil    |       9.99 |
| Jet Set        | 2 ton anvil    |      14.99 |
| Jet Set        | Bird seed      |      10.00 |
| Jet Set        | Carrots        |       2.50 |
| Jet Set        | Detonator      |      13.00 |
| Jet Set        | Fuses          |       3.42 |
| Jet Set        | JetPack 1000   |      35.00 |
| Jet Set        | JetPack 2000   |      55.00 |
| Jet Set        | Oil can        |       8.99 |
| Jet Set        | Safe           |      50.00 |
| Jet Set        | Sling          |       4.49 |
| Jet Set        | TNT (1 stick)  |       2.50 |
| Jet Set        | TNT (5 sticks) |      10.00 |
| Jouets Et Ours | .5 ton anvil   |       5.99 |
| Jouets Et Ours | 1 ton anvil    |       9.99 |
| Jouets Et Ours | 2 ton anvil    |      14.99 |
| Jouets Et Ours | Bird seed      |      10.00 |
| Jouets Et Ours | Carrots        |       2.50 |
| Jouets Et Ours | Detonator      |      13.00 |
| Jouets Et Ours | Fuses          |       3.42 |
| Jouets Et Ours | JetPack 1000   |      35.00 |
| Jouets Et Ours | JetPack 2000   |      55.00 |
| Jouets Et Ours | Oil can        |       8.99 |
| Jouets Et Ours | Safe           |      50.00 |
| Jouets Et Ours | Sling          |       4.49 |
| Jouets Et Ours | TNT (1 stick)  |       2.50 |
| Jouets Et Ours | TNT (5 sticks) |      10.00 |
| LT Supplies    | .5 ton anvil   |       5.99 |
| LT Supplies    | 1 ton anvil    |       9.99 |
| LT Supplies    | 2 ton anvil    |      14.99 |
| LT Supplies    | Bird seed      |      10.00 |
| LT Supplies    | Carrots        |       2.50 |
| LT Supplies    | Detonator      |      13.00 |
| LT Supplies    | Fuses          |       3.42 |
| LT Supplies    | JetPack 1000   |      35.00 |
| LT Supplies    | JetPack 2000   |      55.00 |
| LT Supplies    | Oil can        |       8.99 |
| LT Supplies    | Safe           |      50.00 |
| LT Supplies    | Sling          |       4.49 |
| LT Supplies    | TNT (1 stick)  |       2.50 |
| LT Supplies    | TNT (5 sticks) |      10.00 |
+----------------+----------------+------------+
84 rows in set (0.09 sec)

mysql> SELECT vend_name, prod_name, prod_price
    -> FROM vendors INNER JOIN products
    -> ON vendors.vend_id = products.vend_id;
+-------------+----------------+------------+
| vend_name   | prod_name      | prod_price |
+-------------+----------------+------------+
| Anvils R Us | .5 ton anvil   |       5.99 |
| Anvils R Us | 1 ton anvil    |       9.99 |
| Anvils R Us | 2 ton anvil    |      14.99 |
| LT Supplies | Fuses          |       3.42 |
| LT Supplies | Oil can        |       8.99 |
| ACME        | Detonator      |      13.00 |
| ACME        | Bird seed      |      10.00 |
| ACME        | Carrots        |       2.50 |
| ACME        | Safe           |      50.00 |
| ACME        | Sling          |       4.49 |
| ACME        | TNT (1 stick)  |       2.50 |
| ACME        | TNT (5 sticks) |      10.00 |
| Jet Set     | JetPack 1000   |      35.00 |
| Jet Set     | JetPack 2000   |      55.00 |
+-------------+----------------+------------+
14 rows in set (0.07 sec)

mysql> SELECT prod_name, vend_name, prod_price, quantity
    -> FROM orderitems, products, vendors
    -> WHERE products.vend_id = vendors.vend_id
    -> AND orderitems.prod_id = products.prod_id
    -> AND order_num = 20005;
+----------------+-------------+------------+----------+
| prod_name      | vend_name   | prod_price | quantity |
+----------------+-------------+------------+----------+
| .5 ton anvil   | Anvils R Us |       5.99 |       10 |
| 1 ton anvil    | Anvils R Us |       9.99 |        3 |
| TNT (5 sticks) | ACME        |      10.00 |        5 |
| Bird seed      | ACME        |      10.00 |        1 |
+----------------+-------------+------------+----------+
4 rows in set (0.50 sec)

mysql> SELECT cust_name, cust_contact
    -> FROM customers
    -> WHERE cust_id IN (SELECT cust_id
    -> FROM orders
    -> WHERE order num IN (SELECT order_num
    -> FROM orderitems
    -> WHERE prod_id = 'TNT2'));
ERROR 1064 (42000): You have an error in your SQL syntax; check the manual that corresponds to your MySQL server version for the right syntax to use near 'order num IN (SELECT order_num
FROM orderitems
WHERE prod_id = 'TNT2'))' at line 5
mysql> SELECT cust_name, cust_contact FROM customers WHERE cust_id IN (SELECT cust_id FROM orders WHERE order_num IN (SELECT order_num FROM orderitems WHERE prod_id = 'TNT2'));
+----------------+--------------+
| cust_name      | cust_contact |
+----------------+--------------+
| Coyote Inc.    | Y Lee        |
| Yosemite Place | Y Sam        |
+----------------+--------------+
2 rows in set (0.06 sec)

mysql> SELECT cust_name, cust_contact
    -> FROM customers, orders, orderitems
    -> WHERE customers.cust_id = orders.cust_id
    -> AND orderitems.order_num = orders.order_num
    -> AND prod_id = 'TNT2';
+----------------+--------------+
| cust_name      | cust_contact |
+----------------+--------------+
| Coyote Inc.    | Y Lee        |
| Yosemite Place | Y Sam        |
+----------------+--------------+
2 rows in set (0.07 sec)

mysql> quit;
